<html>
<body>
<pre>
<h1>µVision Build Log</h1>
<h2>Tool Versions:</h2>
IDE-Version: ¦ÌVision V5.41.0.0
Copyright (C) 2024 ARM Ltd and ARM Germany GmbH. All rights reserved.
License Information: f Å£×ÓÈå, f, LIC=9WSKC-7M1PW-PC4J8-38K0K-QL62P-YRCZR
 
Tool Versions:
Toolchain:       MDK-ARM Plus  Version: 5.41.0.0
Toolchain Path:  D:\Keil_v5\Keil\ARM\ARMCC\Bin
C Compiler:      Armcc.exe V5.06 update 5 (build 528)
Assembler:       Armasm.exe V5.06 update 5 (build 528)
Linker/Locator:  ArmLink.exe V5.06 update 5 (build 528)
Library Manager: ArmAr.exe V5.06 update 5 (build 528)
Hex Converter:   FromElf.exe V5.06 update 5 (build 528)
CPU DLL:         SARMCM3.DLL V5.41.0.0
Dialog DLL:      DCM.DLL V1.17.5.0
Target DLL:      STLink\ST-LINKIII-KEIL_SWO.dll V3.3.0.0
Dialog DLL:      TCM.DLL V1.56.4.0
 
<h2>Project:</h2>
D:\freertos\24_freertos_lowpower\MDK-ARM\screen.uvprojx
Project File Date:  09/20/2025

<h2>Output:</h2>
*** Using Compiler 'V5.06 update 5 (build 528)', folder: 'D:\Keil_v5\Keil\ARM\ARMCC\Bin'
Build target 'screen'
compiling lv_port_indev.c...
..\lvgl\examples\porting\lv_port_indev.c(95): warning:  #177-D: variable "indev_drv2"  was declared but never referenced
      static lv_indev_drv_t indev_drv2;
..\lvgl\examples\porting\lv_port_indev.c(194): warning:  #177-D: function "touchpad_init"  was declared but never referenced
  static void touchpad_init(void)
..\lvgl\examples\porting\lv_port_indev.c(200): warning:  #177-D: function "touchpad_read"  was declared but never referenced
  static void touchpad_read(lv_indev_drv_t * indev_drv, lv_indev_data_t * data)
..\lvgl\examples\porting\lv_port_indev.c(357): warning:  #177-D: function "keypad_init"  was declared but never referenced
  static void keypad_init(void)
..\lvgl\examples\porting\lv_port_indev.c(363): warning:  #177-D: function "keypad_read"  was declared but never referenced
  static void keypad_read(lv_indev_drv_t * indev_drv, lv_indev_data_t * data)
..\lvgl\examples\porting\lv_port_indev.c(417): warning:  #177-D: function "encoder_init"  was declared but never referenced
  static void encoder_init(void)
..\lvgl\examples\porting\lv_port_indev.c(423): warning:  #177-D: function "encoder_read"  was declared but never referenced
  static void encoder_read(lv_indev_drv_t * indev_drv, lv_indev_data_t * data)
..\lvgl\examples\porting\lv_port_indev.c(431): warning:  #177-D: function "encoder_handler"  was declared but never referenced
  static void encoder_handler(void)
..\lvgl\examples\porting\lv_port_indev.c(444): warning:  #177-D: function "button_init"  was declared but never referenced
  static void button_init(void)
..\lvgl\examples\porting\lv_port_indev.c(450): warning:  #177-D: function "button_read"  was declared but never referenced
  static void button_read(lv_indev_drv_t * indev_drv, lv_indev_data_t * data)
..\lvgl\examples\porting\lv_port_indev.c: 10 warnings, 0 errors
linking...
Program Size: Code=288148 RO-data=144224 RW-data=2020 ZI-data=117376  
FromELF: creating hex file...
"screen\screen.axf" - 0 Error(s), 10 Warning(s).

<h2>Software Packages used:</h2>

Package Vendor: ARM
                https://www.keil.com/pack/ARM.CMSIS.6.1.0.pack
                ARM::CMSIS@6.1.0
                CMSIS (Common Microcontroller Software Interface Standard)
   * Component: CORE Version: 6.1.0

Package Vendor: Keil
                https://www.keil.com/pack/Keil.STM32F4xx_DFP.3.1.0.pack
                Keil::STM32F4xx_DFP@3.1.0
                STMicroelectronics STM32F4 Series Device Support

<h2>Collection of Component include folders:</h2>
  ./RTE/_screen
  D:/Keil_v5/Keil/ARM/PACK/ARM/CMSIS/6.1.0/CMSIS/Core/Include

<h2>Collection of Component Files used:</h2>

   * Component: ARM::CMSIS:CORE@6.1.0
      Include file:  CMSIS/Core/Include/tz_context.h
Build Time Elapsed:  00:00:09
</pre>
</body>
</html>
